#
# This file has two meanings.
# First create these directories on dbwebb init-me in the me-dir.
# Map item to dirname while doing, for example, dbwebb validate lab1
#

# kmom01
me/kmom01/install

# kmom02
me/kmom02/bash1
me/kmom02/vhost

# kmom03
me/kmom03/bash2
me/kmom03/script

# kmom04
me/kmom04/server
me/kmom04/client


# kmom05
me/kmom05/maze
me/kmom05/maze/server
me/kmom05/maze/client



# kmom06
me/kmom06/sed1
me/kmom06/maze2
me/kmom06/maze2/server
me/kmom06/maze2/client


# kmom10
me/kmom10/bthloggen
me/kmom10/bthloggen/server
me/kmom10/bthloggen/client
me/kmom10/bthloggen/webbclient
me/kmom10/bthloggen/data


# redovisa
me/redovisa

# --------------------------------------------------------------------------
#
# Inspect
#
#make dbwebb-inspect options="--yes --no-validate" what=kmom01
#make dbwebb-inspect options="--yes --no-validate" what=kmom02
#make dbwebb-inspect options="--yes --no-validate" what=kmom03
#make dbwebb-inspect options="--yes --no-validate" what=kmom04
#make dbwebb-inspect options="--yes --no-validate" what=kmom05
#make dbwebb-inspect options="--yes --no-validate" what=kmom06
#make dbwebb-inspect options="--yes --no-validate" what=kmom10
